// Jest Snapshot v1, https://goo.gl/fbAQLP

exports[`<Loading /> Component Test renders <Loading /> components 1`] = `
<StyledComponent
  forwardedComponent={
    Object {
      "$$typeof": Symbol(react.forward_ref),
      "attrs": Array [],
      "componentStyle": ComponentStyle {
        "componentId": "sc-bwzfXH",
        "isStatic": false,
        "rules": Array [
          "box-sizing: border-box;",
          [Function],
          [Function],
          [Function],
          [Function],
          [Function],
          [Function],
          [Function],
          [Function],
          "display: flex;",
          [Function],
          [Function],
          [Function],
          [Function],
          [Function],
        ],
      },
      "displayName": "Styled(styled.div)",
      "foldedComponentIds": Array [
        "sc-bdVaJa",
      ],
      "propTypes": Object {
        "alignItems": [Function],
        "flexDirection": [Function],
        "flexWrap": [Function],
        "justifyContent": [Function],
      },
      "render": [Function],
      "styledComponentId": "sc-bwzfXH",
      "target": "div",
      "toString": [Function],
      "warnTooManyClasses": [Function],
      "withComponent": [Function],
    }
  }
  forwardedRef={null}
  justifyContent="center"
>
  <styled.div>
     Loading... 
  </styled.div>
</StyledComponent>
`;
